abbot
archer
art
ash
austin
bane
baron
basil
beau
bent
bentley
bing
borg
brand
brent
cam
cesar
chad
chretien
christian
chuck
clark
clay
clerk
cliff
clyde
cosmo
dale
darling
dean
devon
dew
dick
dodge
don
drake
drew
dud
dude
duff
dug
duke
dunk
earl
egg
faber
fabian
ferris
fin
fletcher
forester
fountain
frank
garnet
gorgeous
gram
grant
gray
griffin
grove
gun
gunner
guy
halley
ham
heath
heinz
herb
hero
heron
hood
hoop
hudson
hung
hunter
hutch
irvine
jarvis
jock
jordan
kale
kelvin
kent
lance
leaf
lee
lefty
leo
levy
lincoln
mark
marsh
marshal
mat
matt
matte
max
maxim
mayo
mic
morris
morse
mort
natty
ned
neptune
nod
noel
norm
norman
orion
oscar
ottoman
paddington
peregrine
philander
pierce
pip
rag
reed
rich
roar
rob
rocky
rod
romance
royale
russell
rusty
scot
sidney
silver
shin
sim
slade
steward
sultan
tad
tate
teddy
telly
tor
travis
trent
troy
urban
uzi
van
victor
weed
will
winter
wolf
wood
yale
yen
miles
oz
al
chip
bill
franc
nab
earnest
