abbey
acacia
adorable
aka
alba
allie
ally
alpha
amber
ambrosia
amethyst
anatolia
andromeda
anemone
angel
apple
aran
aurora
autumn
bambi
bat
bella
bet
bliss
brandy
brittany
bunny
candy
cat
charisma
charity
chastity
chelsea
cherry
cinnamon
clare
coral
corn
corona
crystal
daffodil
dahlia
daisy
dixie
domino
ebony
eireann
emerald
faith
fang
fawn
fedora
filipina
florence
flower
gala
gale
gay
gazelle
georgia
gin
ginger
glory
grace
gypsy
halcyon
hang
harmony
hazel
heather
hind
honour
hue
hyacinth
io
ira
iris
isa
jade
jain
jan
jasmine
jellybean
joy
june
karma
kes
kitty
lark
lily
luna
lute
mama
margarita
margherita
mead
meadow
melody
mercy
merry
misty
nan
ode
olive
olympia
opal
pansy
pat
patience
pearl
pebbles
peg
penny
pepper
peta
pocahontas
poppy
prairie
primrose
prudence
psyche
queen
rose
rosemary
rosetta
ruby
sable
saga
sage
sahara
sapphire
sari
savannah
scarlet
scout
serenity
sheba
sierra
sky
skye
sloan
socks
soliel
stella
stormy
summer
sung
sunshine
tab
tally
tawny
taylor
teal
teddie
tempest
tigris
treasure
trinidad
tulip
velvet
venetia
venus
verity
victoria
violet
virginia
willow
warri
rain
unity
lei
carry
